ls -la
cat > logs/application.log << 'EOF'
2024-01-15 09:00:01 INFO Server started successfully
2024-01-15 09:00:15 INFO Listening on port 8080
2024-01-15 09:01:02 INFO User login: alice
2024-01-15 09:02:30 WARNING High memory usage detected: 78%
2024-01-15 09:03:11 INFO User login: bob
2024-01-15 09:04:45 ERROR Failed to connect to database
2024-01-15 09:05:00 ERROR Database connection retry failed
2024-01-15 09:05:30 INFO Database connection restored
2024-01-15 09:06:12 INFO Request processed: /api/users
2024-01-15 09:07:20 WARNING Slow query detected: 3.2s
2024-01-15 09:08:01 INFO User logout: alice
2024-01-15 09:09:15 ERROR Payment gateway timeout
2024-01-15 09:10:00 INFO Scheduled backup started
2024-01-15 09:12:30 INFO Scheduled backup completed
2024-01-15 09:13:45 WARNING Disk usage at 85%
2024-01-15 09:14:10 INFO User login: carol
2024-01-15 09:15:22 ERROR Failed to send email notification
2024-01-15 09:16:00 INFO Cache cleared
2024-01-15 09:17:35 WARNING API rate limit approaching
2024-01-15 09:18:50 INFO Server health check passed
